id,Field 1 1,Field 1 2,Field 2
111,boo bar,,"baz, bar"
222,baz,bag,boo bar
333,,,
